mkl_MATRIX.cpp:3:1:mkl_Matrix::mkl_Matrix(gpio_Pin, gpio_Pin, gpio_Pin)	40	static
mkl_MATRIX.cpp:7:6:void mkl_Matrix::clearDisplay()	24	static
mkl_MATRIX.cpp:14:6:void mkl_Matrix::setDisplay()	24	static
mkl_MATRIX.cpp:21:6:void mkl_Matrix::setStatus(uint8_t*)	24	static
mkl_MATRIX.cpp:27:6:void mkl_Matrix::writeStatus()	24	static
mkl_MATRIX.cpp:33:6:void mkl_Matrix::setLed(int, int, bool)	24	static
mkl_MATRIX.cpp:39:6:void mkl_Matrix::setRow(uint8_t, uint8_t)	16	static
mkl_MATRIX.cpp:44:6:void mkl_Matrix::setColumn(uint8_t, uint8_t)	24	static
mkl_MATRIX.cpp:51:6:void mkl_Matrix::printStatus()	32	static
mkl_MATRIX.cpp:66:6:void mkl_Matrix::invertStatus()	24	static
mkl_MATRIX.cpp:74:6:void mkl_Matrix::moveStatusLeft(uint8_t)	24	static
mkl_MATRIX.cpp:81:6:void mkl_Matrix::moveStatusRigth(uint8_t)	24	static
mkl_MATRIX.cpp:88:6:void mkl_Matrix::moveStatusUp(uint8_t)	24	static
mkl_MATRIX.cpp:100:6:void mkl_Matrix::moveStatusDown(uint8_t)	24	static
mkl_MATRIX.cpp:112:6:void mkl_Matrix::setChar(char)	16	static
mkl_MATRIX.cpp:118:6:void mkl_Matrix::createPanel(const char*)	16	static
mkl_MATRIX.cpp:127:6:void mkl_Matrix::nextPanelFrame()	24	static
mkl_MATRIX.cpp:145:6:void mkl_Matrix::getColumn(uint8_t, uint8_t*)	32	static
mkl_MATRIX.cpp:152:6:void mkl_Matrix::setTransition(uint8_t*)	24	static
